// Jest Snapshot v1, https://goo.gl/fbAQLP

exports[`ArticleCard renders correctly 1`] = `
<div>
  <div
    class="cursor-pointer card"
  >
    <img
      alt="Sample Article"
      class="card-img-top"
      src="https://dummy-rest-api.specbee.site/sample.jpg"
    />
    <div
      class="card-body"
    >
      <div
        class="card-title h5"
        title="Sample Article"
      >
        Sample Article
      </div>
      <p
        class="card-text"
        title="This is a sample article body."
      >
        This is a sample article body.
      </p>
    </div>
  </div>
</div>
`;
